<html>
<body>
<pre>
<h1>礦ision Build Log</h1>
<h2>Project:</h2>
C:\Users\zhouz\Desktop\精英A盘-资料-1\4，程序源码\1，标准例程-寄存器版本\1，标准例程-寄存器版本\实验2 蜂鸣器实验\USER\test.uvprojx
Project File Date:  03/29/2015

<h2>Output:</h2>
Rebuild target 'Target 1'
assembling startup_stm32f10x_hd.s...
compiling test.c...
compiling delay.c...
compiling sys.c...
compiling usart.c...
compiling led.c...
compiling beep.c...
linking...
Program Size: Code=1080 RO-data=336 RW-data=12 ZI-data=1324  
FromELF: creating hex file...
"..\OBJ\test.axf" - 0 Error(s), 0 Warning(s).
Load "..\\OBJ\\test.axf" 
Erase Done.
Programming Done.
Verify OK.
